// Jest Snapshot v1, https://goo.gl/fbAQLP

exports[`uiThunkExternal firstButtonCodeVerifyEmail fails and throws an error when missing 'history' key in payload 1`] = `[Error: Please enter a value for the 'match' key - {}]`;

exports[`uiThunkExternal firstButtonCodeVerifyEmail fails and throws an error when missing 'match' key in payload 1`] = `[Error: Please enter a value for the 'match' key - {"history":{}}]`;
