// Jest Snapshot v1, https://goo.gl/fbAQLP

exports[`uiActionsInternal setCurrentPageBody fails when not provided a payload with a 'current' key 1`] = `"Please enter a valid 'current' key - {}"`;
