// Jest Snapshot v1, https://goo.gl/fbAQLP

exports[`dataThunkAccount requestUpdateDBFields fails and throws an error when missing 'email' and 'emailAdditional' key in payload 1`] = `[Error: Please enter a value for either the 'name', 'phone', 'email', and/or 'emailAdditional' key(s) - {}]`;
