// Jest Snapshot v1, https://goo.gl/fbAQLP

exports[`dataThunkAccount requestUpdateStripeFields fails and throws an error when missing 'element', 'name', 'email', and/or 'promoCode' keys in payload 1`] = `[Error: Please enter a value for either the 'name', 'email', or 'promoCode' key - {}]`;
