// Jest Snapshot v1, https://goo.gl/fbAQLP

exports[`dataThunkAccount requestUpdateAWSFields fails and throws an error when missing 'name', 'email', and 'phone_number' keys in payload 1`] = `[Error: Please enter a value for either the 'email', 'name', or 'phone' keys- {}]`;
