// Jest Snapshot v1, https://goo.gl/fbAQLP

exports[`dataThunkAuth requestVerifyEmailLinkLink fails and throws an error when missing 'match' key in payload 1`] = `[Error: Please enter a value for the 'verificationId' key - [object Object]]`;
