// Jest Snapshot v1, https://goo.gl/fbAQLP

exports[`dataThunkAuth requestChangePassword fails and throws an error when missing 'newPassword' key in payload 1`] = `[Error: Please enter a value for the 'newPassword' key - [object Object]]`;

exports[`dataThunkAuth requestChangePassword fails and throws an error when missing 'oldPassword' key in payload 1`] = `[Error: Please enter a value for the 'oldPassword' key - [object Object]]`;
