// Jest Snapshot v1, https://goo.gl/fbAQLP

exports[`dataThunkAuth requestLoginMFA fails and throws an error when missing 'code' key in payload 1`] = `[Error: Please enter a value for the 'code' key - {}]`;
