// Jest Snapshot v1, https://goo.gl/fbAQLP

exports[`dataThunkAuth requestSignUpResendPhone fails and throws an error when missing 'email' key in payload 1`] = `[Error: Please enter a value for the 'email' key - [object Object]]`;
