// Jest Snapshot v1, https://goo.gl/fbAQLP

exports[`dataThunkAuth requestVerifyEmail fails and throws an error when missing 'match' key in payload 1`] = `[TypeError: Cannot read property 'user' of undefined]`;
