// Jest Snapshot v1, https://goo.gl/fbAQLP

exports[`dataThunkWatchlist requestItemData fails and throws an error when missing 'id' key in payload 1`] = `[Error: Please enter a value for 'id' - {}]`;

exports[`dataThunkWatchlist requestItemData fails and throws an error when missing 'tickerCusip' key in payload 1`] = `[Error: Please enter a value for 'tickerCusip' - {"id":"testId"}]`;
